2025-07-17 02:41:57,771 - ICTBot - ERROR - Telegram connection failed: 404
2025-07-17 02:44:45,944 - ICTBot - ERROR - Telegram connection failed: 404
2025-07-17 02:44:46,300 - ICTBot - ERROR - Gagal fetch top volume pairs: string indices must be integers, not 'str'
2025-07-17 02:44:46,541 - ICTBot - ERROR - Telegram send failed: Not Found. Retrying without Markdown...
2025-07-17 02:44:46,796 - ICTBot - ERROR - Telegram send failed: Not Found. Retrying without Markdown...
2025-07-17 02:44:47,042 - ICTBot - ERROR - Telegram send failed: Not Found. Retrying without Markdown...
2025-07-17 02:44:47,293 - ICTBot - ERROR - Telegram send failed: Not Found. Retrying without Markdown...
2025-07-17 02:44:47,553 - ICTBot - ERROR - Telegram send failed: Not Found. Retrying without Markdown...
2025-07-17 02:44:47,808 - ICTBot - ERROR - Telegram send failed: Not Found. Retrying without Markdown...
2025-07-17 02:44:48,061 - ICTBot - ERROR - Telegram send failed: Not Found. Retrying without Markdown...
2025-07-17 02:44:48,309 - ICTBot - ERROR - Telegram send failed: Not Found. Retrying without Markdown...
2025-07-17 02:44:48,569 - ICTBot - ERROR - Telegram send failed: Not Found. Retrying without Markdown...
2025-07-17 02:44:48,829 - ICTBot - ERROR - Telegram send failed: Not Found. Retrying without Markdown...
2025-07-17 02:44:49,070 - ICTBot - ERROR - Telegram send failed: Not Found. Retrying without Markdown...
2025-07-17 02:44:49,309 - ICTBot - ERROR - Telegram send failed: Not Found. Retrying without Markdown...
2025-07-17 02:44:49,550 - ICTBot - ERROR - Telegram send failed: Not Found. Retrying without Markdown...
2025-07-17 02:44:49,807 - ICTBot - ERROR - Telegram send failed: Not Found. Retrying without Markdown...
2025-07-17 02:44:50,072 - ICTBot - ERROR - Telegram send failed: Not Found. Retrying without Markdown...
2025-07-17 02:44:50,324 - ICTBot - ERROR - Telegram send failed: Not Found. Retrying without Markdown...
2025-07-17 02:44:50,596 - ICTBot - ERROR - Telegram send failed: Not Found. Retrying without Markdown...
2025-07-17 02:44:50,854 - ICTBot - ERROR - Telegram send failed: Not Found. Retrying without Markdown...
2025-07-17 02:44:51,093 - ICTBot - ERROR - Telegram send failed: Not Found. Retrying without Markdown...
2025-07-17 02:44:51,356 - ICTBot - ERROR - Telegram send failed: Not Found. Retrying without Markdown...
2025-07-17 02:44:51,604 - ICTBot - ERROR - Telegram send failed: Not Found. Retrying without Markdown...
2025-07-17 02:44:51,862 - ICTBot - ERROR - Telegram send failed: Not Found. Retrying without Markdown...
2025-07-17 02:44:52,118 - ICTBot - ERROR - Telegram send failed: Not Found. Retrying without Markdown...
2025-07-17 02:44:52,373 - ICTBot - ERROR - Telegram send failed: Not Found. Retrying without Markdown...
2025-07-17 02:44:52,620 - ICTBot - ERROR - Telegram send failed: Not Found. Retrying without Markdown...
2025-07-17 02:44:52,867 - ICTBot - ERROR - Telegram send failed: Not Found. Retrying without Markdown...
2025-07-17 02:44:53,130 - ICTBot - ERROR - Telegram send failed: Not Found. Retrying without Markdown...
2025-07-17 02:44:53,385 - ICTBot - ERROR - Telegram send failed: Not Found. Retrying without Markdown...
2025-07-17 02:44:53,631 - ICTBot - ERROR - Telegram send failed: Not Found. Retrying without Markdown...
2025-07-17 02:44:53,874 - ICTBot - ERROR - Telegram send failed: Not Found. Retrying without Markdown...
2025-07-17 02:44:54,133 - ICTBot - ERROR - Telegram send failed: Not Found. Retrying without Markdown...
2025-07-17 02:44:54,385 - ICTBot - ERROR - Telegram send failed: Not Found. Retrying without Markdown...
2025-07-17 02:44:54,637 - ICTBot - ERROR - Telegram send failed: Not Found. Retrying without Markdown...
2025-07-17 02:44:54,898 - ICTBot - ERROR - Telegram send failed: Not Found. Retrying without Markdown...
2025-07-17 02:44:55,149 - ICTBot - ERROR - Telegram send failed: Not Found. Retrying without Markdown...
2025-07-17 02:44:55,404 - ICTBot - ERROR - Telegram send failed: Not Found. Retrying without Markdown...
2025-07-17 02:44:55,659 - ICTBot - ERROR - Telegram send failed: Not Found. Retrying without Markdown...
2025-07-17 02:44:55,915 - ICTBot - ERROR - Telegram send failed: Not Found. Retrying without Markdown...
2025-07-17 02:44:56,172 - ICTBot - ERROR - Telegram send failed: Not Found. Retrying without Markdown...
2025-07-17 02:44:56,422 - ICTBot - ERROR - Telegram send failed: Not Found. Retrying without Markdown...
2025-07-17 02:44:56,682 - ICTBot - ERROR - Telegram send failed: Not Found. Retrying without Markdown...
2025-07-17 02:44:56,933 - ICTBot - ERROR - Telegram send failed: Not Found. Retrying without Markdown...
2025-07-17 02:44:57,176 - ICTBot - ERROR - Telegram send failed: Not Found. Retrying without Markdown...
2025-07-17 02:44:57,432 - ICTBot - ERROR - Telegram send failed: Not Found. Retrying without Markdown...
2025-07-17 02:44:57,684 - ICTBot - ERROR - Telegram send failed: Not Found. Retrying without Markdown...
2025-07-17 02:44:57,937 - ICTBot - ERROR - Telegram send failed: Not Found. Retrying without Markdown...
2025-07-17 02:44:58,178 - ICTBot - ERROR - Telegram send failed: Not Found. Retrying without Markdown...
2025-07-17 02:44:58,419 - ICTBot - ERROR - Telegram send failed: Not Found. Retrying without Markdown...
2025-07-17 02:44:58,673 - ICTBot - ERROR - Telegram send failed: Not Found. Retrying without Markdown...
2025-07-17 02:44:58,912 - ICTBot - ERROR - Telegram send failed: Not Found. Retrying without Markdown...
2025-07-17 02:44:59,167 - ICTBot - ERROR - Telegram send failed: Not Found. Retrying without Markdown...
2025-07-17 02:44:59,415 - ICTBot - ERROR - Telegram send failed: Not Found. Retrying without Markdown...
2025-07-17 02:44:59,665 - ICTBot - ERROR - Telegram send failed: Not Found. Retrying without Markdown...
2025-07-17 02:44:59,935 - ICTBot - ERROR - Telegram send failed: Not Found. Retrying without Markdown...
2025-07-17 02:45:00,191 - ICTBot - ERROR - Telegram send failed: Not Found. Retrying without Markdown...
2025-07-17 02:45:00,449 - ICTBot - ERROR - Telegram send failed: Not Found. Retrying without Markdown...
2025-07-17 02:45:00,697 - ICTBot - ERROR - Telegram send failed: Not Found. Retrying without Markdown...
2025-07-17 02:45:00,945 - ICTBot - ERROR - Telegram send failed: Not Found. Retrying without Markdown...
2025-07-17 02:45:01,200 - ICTBot - ERROR - Telegram send failed: Not Found. Retrying without Markdown...
2025-07-17 02:45:01,450 - ICTBot - ERROR - Telegram send failed: Not Found. Retrying without Markdown...
2025-07-17 02:45:01,700 - ICTBot - ERROR - Telegram send failed: Not Found. Retrying without Markdown...
2025-07-17 02:45:01,945 - ICTBot - ERROR - Telegram send failed: Not Found. Retrying without Markdown...
2025-07-17 02:45:02,185 - ICTBot - ERROR - Telegram send failed: Not Found. Retrying without Markdown...
2025-07-17 02:45:02,436 - ICTBot - ERROR - Telegram send failed: Not Found. Retrying without Markdown...
2025-07-17 02:45:02,675 - ICTBot - ERROR - Telegram send failed: Not Found. Retrying without Markdown...
2025-07-17 02:45:02,923 - ICTBot - ERROR - Telegram send failed: Not Found. Retrying without Markdown...
2025-07-17 02:45:03,163 - ICTBot - ERROR - Telegram send failed: Not Found. Retrying without Markdown...
2025-07-17 02:45:03,415 - ICTBot - ERROR - Telegram send failed: Not Found. Retrying without Markdown...
2025-07-17 02:45:03,666 - ICTBot - ERROR - Telegram send failed: Not Found. Retrying without Markdown...
2025-07-17 02:45:03,916 - ICTBot - ERROR - Telegram send failed: Not Found. Retrying without Markdown...
2025-07-17 02:45:04,162 - ICTBot - ERROR - Telegram send failed: Not Found. Retrying without Markdown...
2025-07-17 02:45:04,417 - ICTBot - ERROR - Telegram send failed: Not Found. Retrying without Markdown...
2025-07-17 02:45:04,670 - ICTBot - ERROR - Telegram send failed: Not Found. Retrying without Markdown...
2025-07-17 02:45:04,913 - ICTBot - ERROR - Telegram send failed: Not Found. Retrying without Markdown...
2025-07-17 02:45:05,173 - ICTBot - ERROR - Telegram send failed: Not Found. Retrying without Markdown...
2025-07-17 02:45:05,421 - ICTBot - ERROR - Telegram send failed: Not Found. Retrying without Markdown...
2025-07-17 02:45:05,677 - ICTBot - ERROR - Telegram send failed: Not Found. Retrying without Markdown...
2025-07-17 02:45:05,927 - ICTBot - ERROR - Telegram send failed: Not Found. Retrying without Markdown...
2025-07-17 02:45:06,168 - ICTBot - ERROR - Telegram send failed: Not Found. Retrying without Markdown...
2025-07-17 02:45:06,414 - ICTBot - ERROR - Telegram send failed: Not Found. Retrying without Markdown...
2025-07-17 02:45:06,678 - ICTBot - ERROR - Telegram send failed: Not Found. Retrying without Markdown...
2025-07-17 02:45:06,933 - ICTBot - ERROR - Telegram send failed: Not Found. Retrying without Markdown...
2025-07-17 02:45:07,180 - ICTBot - ERROR - Telegram send failed: Not Found. Retrying without Markdown...
2025-07-17 02:45:07,435 - ICTBot - ERROR - Telegram send failed: Not Found. Retrying without Markdown...
2025-07-17 02:45:07,677 - ICTBot - ERROR - Telegram send failed: Not Found. Retrying without Markdown...
2025-07-17 02:45:07,944 - ICTBot - ERROR - Telegram send failed: Not Found. Retrying without Markdown...
2025-07-17 02:45:08,199 - ICTBot - ERROR - Telegram send failed: Not Found. Retrying without Markdown...
2025-07-17 02:45:08,448 - ICTBot - ERROR - Telegram send failed: Not Found. Retrying without Markdown...
2025-07-17 02:45:08,706 - ICTBot - ERROR - Telegram send failed: Not Found. Retrying without Markdown...
2025-07-17 02:45:08,949 - ICTBot - ERROR - Telegram send failed: Not Found. Retrying without Markdown...
2025-07-17 02:45:09,216 - ICTBot - ERROR - Telegram send failed: Not Found. Retrying without Markdown...
2025-07-17 02:45:09,474 - ICTBot - ERROR - Telegram send failed: Not Found. Retrying without Markdown...
2025-07-17 02:45:09,729 - ICTBot - ERROR - Telegram send failed: Not Found. Retrying without Markdown...
2025-07-17 02:45:10,001 - ICTBot - ERROR - Telegram send failed: Not Found. Retrying without Markdown...
2025-07-17 02:45:10,240 - ICTBot - ERROR - Telegram send failed: Not Found. Retrying without Markdown...
2025-07-17 02:45:10,500 - ICTBot - ERROR - Telegram send failed: Not Found. Retrying without Markdown...
2025-07-17 02:45:10,760 - ICTBot - ERROR - Telegram send failed: Not Found. Retrying without Markdown...
2025-07-17 02:45:11,000 - ICTBot - ERROR - Telegram send failed: Not Found. Retrying without Markdown...
2025-07-17 02:45:11,252 - ICTBot - ERROR - Telegram send failed: Not Found. Retrying without Markdown...
2025-07-17 02:45:11,503 - ICTBot - ERROR - Telegram send failed: Not Found. Retrying without Markdown...
2025-07-17 02:45:11,759 - ICTBot - ERROR - Telegram send failed: Not Found. Retrying without Markdown...
2025-07-17 02:45:12,020 - ICTBot - ERROR - Telegram send failed: Not Found. Retrying without Markdown...
2025-07-17 02:45:12,282 - ICTBot - ERROR - Telegram send failed: Not Found. Retrying without Markdown...
2025-07-17 02:45:12,531 - ICTBot - ERROR - Telegram send failed: Not Found. Retrying without Markdown...
2025-07-17 02:45:12,784 - ICTBot - ERROR - Telegram send failed: Not Found. Retrying without Markdown...
2025-07-17 02:45:13,042 - ICTBot - ERROR - Telegram send failed: Not Found. Retrying without Markdown...
2025-07-17 02:45:13,300 - ICTBot - ERROR - Telegram send failed: Not Found. Retrying without Markdown...
2025-07-17 02:45:13,558 - ICTBot - ERROR - Telegram send failed: Not Found. Retrying without Markdown...
2025-07-17 02:45:13,813 - ICTBot - ERROR - Telegram send failed: Not Found. Retrying without Markdown...
2025-07-17 02:45:14,075 - ICTBot - ERROR - Telegram send failed: Not Found. Retrying without Markdown...
2025-07-17 02:45:14,319 - ICTBot - ERROR - Telegram send failed: Not Found. Retrying without Markdown...
2025-07-17 02:45:14,560 - ICTBot - ERROR - Telegram send failed: Not Found. Retrying without Markdown...
2025-07-17 02:45:14,806 - ICTBot - ERROR - Telegram send failed: Not Found. Retrying without Markdown...
2025-07-17 02:45:15,065 - ICTBot - ERROR - Telegram send failed: Not Found. Retrying without Markdown...
2025-07-17 02:45:15,317 - ICTBot - ERROR - Telegram send failed: Not Found. Retrying without Markdown...
2025-07-17 02:45:15,570 - ICTBot - ERROR - Telegram send failed: Not Found. Retrying without Markdown...
2025-07-17 02:45:15,816 - ICTBot - ERROR - Telegram send failed: Not Found. Retrying without Markdown...
2025-07-17 02:45:16,083 - ICTBot - ERROR - Telegram send failed: Not Found. Retrying without Markdown...
2025-07-17 02:45:16,336 - ICTBot - ERROR - Telegram send failed: Not Found. Retrying without Markdown...
2025-07-17 02:45:16,588 - ICTBot - ERROR - Telegram send failed: Not Found. Retrying without Markdown...
2025-07-17 02:45:16,853 - ICTBot - ERROR - Telegram send failed: Not Found. Retrying without Markdown...
2025-07-17 02:45:17,092 - ICTBot - ERROR - Telegram send failed: Not Found. Retrying without Markdown...
2025-07-17 02:45:17,351 - ICTBot - ERROR - Telegram send failed: Not Found. Retrying without Markdown...
2025-07-17 02:45:17,865 - ICTBot - ERROR - Telegram send failed (no markdown): Not Found
2025-07-17 02:45:18,115 - ICTBot - ERROR - Telegram send failed: Not Found. Retrying without Markdown...
2025-07-17 02:45:18,378 - ICTBot - ERROR - Telegram send failed: Not Found. Retrying without Markdown...
2025-07-17 02:45:18,644 - ICTBot - ERROR - Telegram send failed: Not Found. Retrying without Markdown...
2025-07-17 02:45:18,897 - ICTBot - ERROR - Telegram send failed: Not Found. Retrying without Markdown...
2025-07-17 02:45:19,140 - ICTBot - ERROR - Telegram send failed: Not Found. Retrying without Markdown...
2025-07-17 02:45:19,386 - ICTBot - ERROR - Telegram send failed: Not Found. Retrying without Markdown...
2025-07-17 02:45:19,647 - ICTBot - ERROR - Telegram send failed: Not Found. Retrying without Markdown...
2025-07-17 02:45:19,914 - ICTBot - ERROR - Telegram send failed: Not Found. Retrying without Markdown...
2025-07-17 02:45:20,170 - ICTBot - ERROR - Telegram send failed: Not Found. Retrying without Markdown...
2025-07-17 02:45:20,434 - ICTBot - ERROR - Telegram send failed: Not Found. Retrying without Markdown...
2025-07-17 02:45:20,683 - ICTBot - ERROR - Telegram send failed: Not Found. Retrying without Markdown...
2025-07-17 02:45:20,933 - ICTBot - ERROR - Telegram send failed: Not Found. Retrying without Markdown...
2025-07-17 02:45:21,199 - ICTBot - ERROR - Telegram send failed: Not Found. Retrying without Markdown...
2025-07-17 02:45:21,448 - ICTBot - ERROR - Telegram send failed: Not Found. Retrying without Markdown...
2025-07-17 02:45:21,699 - ICTBot - ERROR - Telegram send failed: Not Found. Retrying without Markdown...
2025-07-17 02:45:21,968 - ICTBot - ERROR - Telegram send failed: Not Found. Retrying without Markdown...
2025-07-17 02:45:22,048 - ICTBot - ERROR - Telegram send error: maximum recursion depth exceeded
2025-07-17 02:45:22,315 - ICTBot - ERROR - Telegram send failed (no markdown): Not Found
2025-07-17 02:45:22,398 - ICTBot - ERROR - Telegram send error: maximum recursion depth exceeded
2025-07-17 02:45:22,640 - ICTBot - ERROR - Telegram send failed (no markdown): Not Found
2025-07-17 02:45:22,898 - ICTBot - ERROR - Telegram send failed: Not Found. Retrying without Markdown...
2025-07-17 02:45:22,980 - ICTBot - ERROR - Telegram send error: maximum recursion depth exceeded
2025-07-17 02:45:23,240 - ICTBot - ERROR - Telegram send failed (no markdown): Not Found
2025-07-17 02:45:23,322 - ICTBot - ERROR - Telegram send error: maximum recursion depth exceeded
2025-07-17 02:45:23,562 - ICTBot - ERROR - Telegram send failed (no markdown): Not Found
2025-07-17 02:45:23,808 - ICTBot - ERROR - Telegram send failed: Not Found. Retrying without Markdown...
2025-07-17 02:45:24,064 - ICTBot - ERROR - Telegram send failed: Not Found. Retrying without Markdown...
2025-07-17 02:45:24,148 - ICTBot - ERROR - Telegram send error: maximum recursion depth exceeded
2025-07-17 02:45:24,411 - ICTBot - ERROR - Telegram send failed (no markdown): Not Found
2025-07-17 02:45:24,492 - ICTBot - ERROR - Telegram send error: maximum recursion depth exceeded
2025-07-17 02:45:24,744 - ICTBot - ERROR - Telegram send failed (no markdown): Not Found
2025-07-17 02:45:25,007 - ICTBot - ERROR - Telegram send failed: Not Found. Retrying without Markdown...
2025-07-17 02:45:25,093 - ICTBot - ERROR - Telegram send error: maximum recursion depth exceeded
2025-07-17 02:45:25,335 - ICTBot - ERROR - Telegram send failed (no markdown): Not Found
2025-07-17 02:45:25,423 - ICTBot - ERROR - Telegram send error: maximum recursion depth exceeded
2025-07-17 02:45:25,682 - ICTBot - ERROR - Telegram send failed (no markdown): Not Found
2025-07-17 02:45:25,944 - ICTBot - ERROR - Telegram send failed: Not Found. Retrying without Markdown...
2025-07-17 02:45:26,189 - ICTBot - ERROR - Telegram send failed: Not Found. Retrying without Markdown...
2025-07-17 02:45:26,454 - ICTBot - ERROR - Telegram send failed: Not Found. Retrying without Markdown...
2025-07-17 02:45:26,537 - ICTBot - ERROR - Telegram send error: maximum recursion depth exceeded
2025-07-17 02:45:26,784 - ICTBot - ERROR - Telegram send failed (no markdown): Not Found
2025-07-17 02:45:26,869 - ICTBot - ERROR - Telegram send error: maximum recursion depth exceeded
2025-07-17 02:45:27,124 - ICTBot - ERROR - Telegram send failed (no markdown): Not Found
2025-07-17 02:45:27,387 - ICTBot - ERROR - Telegram send failed: Not Found. Retrying without Markdown...
2025-07-17 02:45:27,470 - ICTBot - ERROR - Telegram send error: maximum recursion depth exceeded
2025-07-17 02:45:27,710 - ICTBot - ERROR - Telegram send failed (no markdown): Not Found
2025-07-17 02:45:27,795 - ICTBot - ERROR - Telegram send error: maximum recursion depth exceeded
2025-07-17 02:45:28,046 - ICTBot - ERROR - Telegram send failed (no markdown): Not Found
2025-07-17 02:45:28,285 - ICTBot - ERROR - Telegram send failed: Not Found. Retrying without Markdown...
2025-07-17 02:45:28,545 - ICTBot - ERROR - Telegram send failed: Not Found. Retrying without Markdown...
2025-07-17 02:45:28,630 - ICTBot - ERROR - Telegram send error: maximum recursion depth exceeded
2025-07-17 02:45:28,884 - ICTBot - ERROR - Telegram send failed (no markdown): Not Found
2025-07-17 02:45:28,966 - ICTBot - ERROR - Telegram send error: maximum recursion depth exceeded
2025-07-17 02:45:29,217 - ICTBot - ERROR - Telegram send failed (no markdown): Not Found
2025-07-17 02:45:29,470 - ICTBot - ERROR - Telegram send failed: Not Found. Retrying without Markdown...
2025-07-17 02:45:29,550 - ICTBot - ERROR - Telegram send error: maximum recursion depth exceeded
2025-07-17 02:45:29,808 - ICTBot - ERROR - Telegram send failed (no markdown): Not Found
2025-07-17 02:45:29,896 - ICTBot - ERROR - Telegram send error: maximum recursion depth exceeded
2025-07-17 02:45:30,152 - ICTBot - ERROR - Telegram send failed (no markdown): Not Found
2025-07-17 02:45:30,417 - ICTBot - ERROR - Telegram send failed: Not Found. Retrying without Markdown...
2025-07-17 02:45:30,669 - ICTBot - ERROR - Telegram send failed: Not Found. Retrying without Markdown...
2025-07-17 02:45:30,918 - ICTBot - ERROR - Telegram send failed: Not Found. Retrying without Markdown...
2025-07-17 02:45:31,173 - ICTBot - ERROR - Telegram send failed: Not Found. Retrying without Markdown...
2025-07-17 02:45:31,260 - ICTBot - ERROR - Telegram send error: maximum recursion depth exceeded
2025-07-17 02:45:31,516 - ICTBot - ERROR - Telegram send failed (no markdown): Not Found
2025-07-17 02:45:31,601 - ICTBot - ERROR - Telegram send error: maximum recursion depth exceeded
2025-07-17 02:45:31,850 - ICTBot - ERROR - Telegram send failed (no markdown): Not Found
2025-07-17 02:45:32,094 - ICTBot - ERROR - Telegram send failed: Not Found. Retrying without Markdown...
2025-07-17 02:45:32,176 - ICTBot - ERROR - Telegram send error: maximum recursion depth exceeded
2025-07-17 02:45:32,424 - ICTBot - ERROR - Telegram send failed (no markdown): Not Found
2025-07-17 02:45:32,510 - ICTBot - ERROR - Telegram send error: maximum recursion depth exceeded
2025-07-17 02:45:32,774 - ICTBot - ERROR - Telegram send failed (no markdown): Not Found
2025-07-17 02:45:33,029 - ICTBot - ERROR - Telegram send failed: Not Found. Retrying without Markdown...
2025-07-17 02:45:33,278 - ICTBot - ERROR - Telegram send failed: Not Found. Retrying without Markdown...
2025-07-17 02:45:33,363 - ICTBot - ERROR - Telegram send error: maximum recursion depth exceeded
2025-07-17 02:45:33,624 - ICTBot - ERROR - Telegram send failed (no markdown): Not Found
2025-07-17 02:45:33,708 - ICTBot - ERROR - Telegram send error: maximum recursion depth exceeded
2025-07-17 02:45:33,984 - ICTBot - ERROR - Telegram send failed (no markdown): Not Found
2025-07-17 02:45:34,240 - ICTBot - ERROR - Telegram send failed: Not Found. Retrying without Markdown...
2025-07-17 02:45:34,327 - ICTBot - ERROR - Telegram send error: maximum recursion depth exceeded
2025-07-17 02:45:34,580 - ICTBot - ERROR - Telegram send failed (no markdown): Not Found
2025-07-17 02:45:34,665 - ICTBot - ERROR - Telegram send error: maximum recursion depth exceeded
2025-07-17 02:45:34,911 - ICTBot - ERROR - Telegram send failed (no markdown): Not Found
2025-07-17 02:45:35,160 - ICTBot - ERROR - Telegram send failed: Not Found. Retrying without Markdown...
2025-07-17 02:45:35,412 - ICTBot - ERROR - Telegram send failed: Not Found. Retrying without Markdown...
2025-07-17 02:45:35,680 - ICTBot - ERROR - Telegram send failed: Not Found. Retrying without Markdown...
2025-07-17 02:45:35,767 - ICTBot - ERROR - Telegram send error: maximum recursion depth exceeded
2025-07-17 02:45:36,035 - ICTBot - ERROR - Telegram send failed (no markdown): Not Found
2025-07-17 02:45:36,119 - ICTBot - ERROR - Telegram send error: maximum recursion depth exceeded
2025-07-17 02:45:36,389 - ICTBot - ERROR - Telegram send failed (no markdown): Not Found
2025-07-17 02:45:36,630 - ICTBot - ERROR - Telegram send failed: Not Found. Retrying without Markdown...
2025-07-17 02:45:36,714 - ICTBot - ERROR - Telegram send error: maximum recursion depth exceeded
2025-07-17 02:45:36,962 - ICTBot - ERROR - Telegram send failed (no markdown): Not Found
2025-07-17 02:45:37,045 - ICTBot - ERROR - Telegram send error: maximum recursion depth exceeded
2025-07-17 02:45:37,300 - ICTBot - ERROR - Telegram send failed (no markdown): Not Found
2025-07-17 02:45:37,555 - ICTBot - ERROR - Telegram send failed: Not Found. Retrying without Markdown...
2025-07-17 02:45:37,808 - ICTBot - ERROR - Telegram send failed: Not Found. Retrying without Markdown...
2025-07-17 02:45:37,892 - ICTBot - ERROR - Telegram send error: maximum recursion depth exceeded
2025-07-17 02:45:38,144 - ICTBot - ERROR - Telegram send failed (no markdown): Not Found
2025-07-17 02:45:38,226 - ICTBot - ERROR - Telegram send error: maximum recursion depth exceeded
2025-07-17 02:45:38,480 - ICTBot - ERROR - Telegram send failed (no markdown): Not Found
2025-07-17 02:45:38,739 - ICTBot - ERROR - Telegram send failed: Not Found. Retrying without Markdown...
2025-07-17 02:45:38,825 - ICTBot - ERROR - Telegram send error: maximum recursion depth exceeded
2025-07-17 02:45:39,085 - ICTBot - ERROR - Telegram send failed (no markdown): Not Found
2025-07-17 02:45:39,176 - ICTBot - ERROR - Telegram send error: maximum recursion depth exceeded
2025-07-17 02:45:39,435 - ICTBot - ERROR - Telegram send failed (no markdown): Not Found
2025-07-17 02:45:39,689 - ICTBot - ERROR - Telegram send failed: Not Found. Retrying without Markdown...
2025-07-17 02:45:39,947 - ICTBot - ERROR - Telegram send failed: Not Found. Retrying without Markdown...
2025-07-17 02:45:40,202 - ICTBot - ERROR - Telegram send failed: Not Found. Retrying without Markdown...
2025-07-17 02:45:40,450 - ICTBot - ERROR - Telegram send failed: Not Found. Retrying without Markdown...
2025-07-17 02:45:40,706 - ICTBot - ERROR - Telegram send failed: Not Found. Retrying without Markdown...
2025-07-17 02:45:40,789 - ICTBot - ERROR - Telegram send error: maximum recursion depth exceeded
2025-07-17 02:45:41,051 - ICTBot - ERROR - Telegram send failed (no markdown): Not Found
2025-07-17 02:45:41,138 - ICTBot - ERROR - Telegram send error: maximum recursion depth exceeded
2025-07-17 02:45:41,395 - ICTBot - ERROR - Telegram send failed (no markdown): Not Found
2025-07-17 02:45:41,655 - ICTBot - ERROR - Telegram send failed: Not Found. Retrying without Markdown...
2025-07-17 02:45:41,740 - ICTBot - ERROR - Telegram send error: maximum recursion depth exceeded
2025-07-17 02:45:41,991 - ICTBot - ERROR - Telegram send failed (no markdown): Not Found
2025-07-17 02:45:42,071 - ICTBot - ERROR - Telegram send error: maximum recursion depth exceeded
2025-07-17 02:45:42,321 - ICTBot - ERROR - Telegram send failed (no markdown): Not Found
2025-07-17 02:45:42,573 - ICTBot - ERROR - Telegram send failed: Not Found. Retrying without Markdown...
2025-07-17 02:45:42,821 - ICTBot - ERROR - Telegram send failed: Not Found. Retrying without Markdown...
2025-07-17 02:45:42,907 - ICTBot - ERROR - Telegram send error: maximum recursion depth exceeded
2025-07-17 02:45:43,156 - ICTBot - ERROR - Telegram send failed (no markdown): Not Found
2025-07-17 02:45:43,240 - ICTBot - ERROR - Telegram send error: maximum recursion depth exceeded
2025-07-17 02:45:43,496 - ICTBot - ERROR - Telegram send failed (no markdown): Not Found
2025-07-17 02:45:43,756 - ICTBot - ERROR - Telegram send failed: Not Found. Retrying without Markdown...
2025-07-17 02:45:43,841 - ICTBot - ERROR - Telegram send error: maximum recursion depth exceeded
2025-07-17 02:45:44,081 - ICTBot - ERROR - Telegram send failed (no markdown): Not Found
2025-07-17 02:45:44,164 - ICTBot - ERROR - Telegram send error: maximum recursion depth exceeded
2025-07-17 02:45:44,414 - ICTBot - ERROR - Telegram send failed (no markdown): Not Found
2025-07-17 02:45:44,660 - ICTBot - ERROR - Telegram send failed: Not Found. Retrying without Markdown...
2025-07-17 02:45:44,923 - ICTBot - ERROR - Telegram send failed: Not Found. Retrying without Markdown...
2025-07-17 02:45:45,173 - ICTBot - ERROR - Telegram send failed: Not Found. Retrying without Markdown...
2025-07-17 02:45:45,258 - ICTBot - ERROR - Telegram send error: maximum recursion depth exceeded
2025-07-17 02:45:45,514 - ICTBot - ERROR - Telegram send failed (no markdown): Not Found
2025-07-17 02:45:45,602 - ICTBot - ERROR - Telegram send error: maximum recursion depth exceeded
